../Core/Src/main.c:61:6:HAL_CAN_RxFifo0MsgPendingCallback	16	static
../Core/Src/main.c:88:5:main	8	static
../Core/Src/main.c:153:6:SystemClock_Config	88	static
../Core/Src/main.c:200:13:MX_ADC1_Init	24	static
../Core/Src/main.c:247:13:MX_CAN_Init	48	static
../Core/Src/main.c:297:13:MX_DMA_Init	16	static
../Core/Src/main.c:315:13:MX_GPIO_Init	40	static
../Core/Src/main.c:355:6:Joy_read	8	static
../Core/Src/main.c:372:6:EXTI1_IRQHandler	8	static
../Core/Src/main.c:389:6:EXTI2_IRQHandler	8	static
../Core/Src/main.c:411:6:Error_Handler	4	static,ignoring_inline_asm
